original = "To be or not to be"
>>> key = 50
>>> type(original)
<type 'str'>
>>> original[0]
'T'
>>> original[1]
'o'
>>> original[0]
'T'
>>> ord(original[0])
84
>>> bin(ord(original[0]))
'0b1010100'
>>> chr(84)
'T'
>>> original[0] ^ key

Traceback (most recent call last):
  File "<pyshell#9>", line 1, in <module>
    original[0] ^ key
TypeError: unsupported operand type(s) for ^: 'str' and 'int'
>>> ord(original[0]) ^ key
102
